
> feedlyte1.0@0.1.0 build
> next build

▲ Next.js 16.1.6 (Turbopack)
- Environments: .env

  Creating an optimized production build ...
✓ Compiled successfully in 6.7s
  Running TypeScript ...
  Collecting page data using 11 workers ...
  Generating static pages using 11 workers (0/8) ...
  Generating static pages using 11 workers (2/8) 
  Generating static pages using 11 workers (4/8) 
  Generating static pages using 11 workers (6/8) 
✓ Generating static pages using 11 workers (8/8) in 1060.7ms
  Finalizing page optimization ...

Route (app)
┌ ○ /
├ ○ /_not-found
├ ƒ /api/auth/[...nextauth]
├ ƒ /api/auth/register
├ ƒ /api/feedback
├ ƒ /api/feedback/[id]
├ ƒ /api/projects
├ ƒ /api/projects/[id]
├ ƒ /api/projects/[id]/feedback
└ ○ /widget


○  (Static)   prerendered as static content
ƒ  (Dynamic)  server-rendered on demand

BUILD_SUCCESS  
